// Jest Snapshot v1, https://goo.gl/fbAQLP

exports[`Test if Mission renders correctly 1`] = `
<div
  className="mission-container"
>
  <div
    className="mission-name"
  >
    test mission name
  </div>
  <div
    className="mission-description"
  >
    description
  </div>
  <div
    className="no-active-mb"
  >
    <span>
       NOT A MEMBER
    </span>
  </div>
  <div
    className="mission"
  >
    <button
      className="join-mission-bt"
      onClick={[Function]}
      type="button"
    >
      Join Mission
    </button>
  </div>
</div>
`;

exports[`Test if Missions renders correctly 1`] = `
<div
  className="missions-container"
>
  <div
    className="header-missions"
  >
    <div
      className="mission-name-header"
    >
      Mission
    </div>
    <div
      className="mission-description-header"
    >
      Description
    </div>
    <div
      className="mission-status-header"
    >
      Status
    </div>
    <div
      className="mission-other-header"
    >
      #
    </div>
  </div>
</div>
`;

exports[`Test if Rocket renders correctly 1`] = `
<div
  className="rocket_container"
>
  <div
    className="image_container"
  >
    <img
      alt="rockect"
    />
  </div>
  <div
    className="info_container"
  >
    <h3 />
    <p />
    <button
      onClick={[Function]}
      type="button"
    >
      Reserve Rocket
    </button>
  </div>
</div>
`;

exports[`Test if Rockets List renders correctly 1`] = `<ul />`;
